#-----------------------------------------------------------
# Vivado v2019.1 (64-bit)
# SW Build 2552052 on Fri May 24 14:49:42 MDT 2019
# IP Build 2548770 on Fri May 24 18:01:18 MDT 2019
# Start of session at: Thu Aug  7 13:10:31 2025
# Process ID: 4920
# Current directory: C:/Users/hadys/Desktop/verilog/chatgpt/UART_TX_project
# Command line: vivado.exe -gui_launcher_event rodinguilauncherevent9888 C:\Users\hadys\Desktop\verilog\chatgpt\UART_TX_project\UART_TX_project.xpr
# Log file: C:/Users/hadys/Desktop/verilog/chatgpt/UART_TX_project/vivado.log
# Journal file: C:/Users/hadys/Desktop/verilog/chatgpt/UART_TX_project\vivado.jou
#-----------------------------------------------------------
start_gui
open_project C:/Users/hadys/Desktop/verilog/chatgpt/UART_TX_project/UART_TX_project.xpr
update_compile_order -fileset sources_1
launch_simulation
open_wave_config C:/Users/hadys/Desktop/verilog/chatgpt/UART_TX_project/TX_module_TB_behav.wcfg
source TX_module_TB.tcl
restart
run 8 ms
relaunch_sim
restart
run 8 ms
close_sim
launch_simulation
open_wave_config C:/Users/hadys/Desktop/verilog/chatgpt/UART_TX_project/TX_module_TB_behav.wcfg
source TX_module_TB.tcl
restart
run 8 ms
close_sim
